1   6.80191e-07
2   -3.08653e-07
3   5.93036e-07
4   -2.49783e-07
5   5.29769e-07
6   -4.94895e-07
7   3.85261e-07
8   -6.68413e-07
9   2.90508e-07
10   -7.55224e-07
