1   -2.94369e-06
2   1.44245e-06
3   -2.64569e-06
4   1.13346e-06
5   -2.41486e-06
6   2.24013e-06
7   -1.78798e-06
8   2.9458e-06
9   -1.29905e-06
10   3.32202e-06
