1   -2.31543e-09
2   2.30766e-09
3   -2.19357e-09
4   3.48099e-09
5   -2.23973e-09
6   9.60093e-10
