1   -1.66281e-09
2   1.65528e-09
3   -1.56586e-09
4   2.50151e-09
5   -1.64872e-09
6   7.206e-10
