1   -3.26534e-25
2   4.17453e-25
3   -1.45599e-25
4   3.79293e-25
5   5.46253e-26
6   -2.50919e-25
