1   -1.12712e-05
2   1.3669e-05
3   -8.72986e-06
4   1.25761e-05
5   -6.24405e-06
