1   6.94103e-06
2   -8.63043e-06
3   5.73974e-06
4   -8.25471e-06
5   4.20437e-06
