-9.7483158
-9.7384508
-9.5979997
-9.5831902
-9.5155861
-9.5148227
-9.4712405
-9.422731
-9.424084
-9.3577236
