1   -0.341503
2   0.300188
3   0.245822
4   -0.228419
5   -0.259947
6   0.285499
7   -0.0174536
8   -0.214615
9   0.155476
10   0.212982
11   -0.237706
12   -0.00704342
13   0.236399
14   -0.157983
15   -0.293652
16   0.29591
17   0.148383
18   -0.217637
19   -0.156739
20   0.25204
