1   -6.94274e-06
2   1.1383e-05
3   -1.36428e-05
4   1.24956e-05
5   -2.45301e-05
6   2.03459e-05
7   -4.20295e-05
8   2.3329e-05
9   -2.94829e-05
10   2.66962e-05
11   -2.87261e-05
12   4.7683e-05
13   -2.37746e-05
14   3.78953e-05
15   -2.03776e-05
16   1.90241e-05
17   -1.57623e-05
18   1.41283e-05
19   -1.73413e-05
20   1.37622e-05
