-8.682471
-8.5023755
-8.5023759
-8.502374
-8.2800998
-8.2801007
-8.280077
-8.222713
-8.0629888
-8.0627677
-8.0666384
-8.0699528
-8.0698843
-8.0655931
-7.9452272
-7.986199
-7.9451268
-7.9531654
