1   -0.484671
2   0.293648
3   -0.342134
4   0.245399
5   -0.243906
6   0.189262
7   -0.178229
8   0.145494
9   -0.135288
10   0.11587
11   -0.108818
12   0.098421
13   -0.0950926
14   0.0916548
15   -0.0923793
16   0.0951619
17   -0.0999071
18   0.109554
19   -0.118137
20   0.136772
21   -0.148414
22   0.180512
23   -0.192227
24   0.246938
25   -0.248429
26   0.345512
27   -0.296924
28   0.489333
