1   0.0206266
2   -0.0125702
3   0.0146776
4   -0.0106687
5   0.0106638
6   -0.00870065
7   0.00809808
8   -0.00668228
9   0.00641036
10   -0.00569205
11   0.00558246
12   -0.0053297
13   0.00539019
14   -0.00547313
15   0.0057821
16   -0.00622319
17   0.0067956
18   -0.00769587
19   0.00850776
20   -0.0100795
21   0.0111111
22   -0.0137347
23   0.0147703
24   -0.0191938
25   0.0194154
26   -0.0272152
27   0.0234396
28   -0.0388279
